[2026-08-12T05:28:04.535Z] GET http://localhost:3000/ → pending (?ms, ?B)
[2026-08-12T05:28:04.695Z] GET http://localhost:3000/_next/static/media/fraunces_latin_wght_italic-s.p.0by3gh2t3oa9b.woff2 → 200 (15ms, 45656B)
[2026-08-12T05:28:04.695Z] GET http://localhost:3000/_next/static/media/fraunces_latin_wght_normal-s.p.1v4l5w6-86t-v.woff2 → 200 (14ms, 36620B)
[2026-08-12T05:28:04.695Z] GET http://localhost:3000/_next/static/media/inter_latin_wght_normal-s.p.0gsaq8ukbf34m.woff2 → 200 (16ms, 48256B)
[2026-08-12T05:28:04.702Z] GET http://localhost:3000/_next/image?url=%2Fbrand%2Frbw-mark.jpg&w=48&q=75 → 200 (44ms, 714B)
[2026-08-12T05:28:04.702Z] GET http://localhost:3000/_next/static/chunks/src_app_16g7nni._.css → 200 (9ms, 12762B)
[2026-08-12T05:28:04.703Z] GET http://localhost:3000/_next/static/chunks/%5Bturbopack%5D_browser_dev_hmr-client_hmr-client_ts_1xx01vv._.js → 200 (21ms, 675B)
[2026-08-12T05:28:04.703Z] GET http://localhost:3000/_next/static/chunks/node_modules_next_dist_compiled_next-devtools_index_090k2jm.js → 200 (50ms, 218059B)
[2026-08-12T05:28:04.703Z] GET http://localhost:3000/_next/static/chunks/node_modules_next_dist_compiled_react-dom_096_9a-._.js → 200 (60ms, 183891B)
[2026-08-12T05:28:04.703Z] GET http://localhost:3000/_next/static/chunks/node_modules_next_dist_compiled_react-server-dom-turbopack_164kp-6._.js → 200 (27ms, 31819B)
[2026-08-12T05:28:04.703Z] GET http://localhost:3000/_next/static/chunks/node_modules_next_dist_compiled_1amofcm._.js → 200 (28ms, 28374B)
[2026-08-12T05:28:04.703Z] GET http://localhost:3000/_next/static/chunks/node_modules_next_dist_client_0r5nbpw._.js → 200 (63ms, 152472B)
[2026-08-12T05:28:04.703Z] GET http://localhost:3000/_next/static/chunks/node_modules_next_dist_1ybzpk2._.js → 200 (40ms, 46169B)
[2026-08-12T05:28:04.703Z] GET http://localhost:3000/_next/static/chunks/node_modules_%40swc_helpers_cjs_1r9vbqw._.js → 200 (37ms, 757B)
[2026-08-12T05:28:04.703Z] GET http://localhost:3000/_next/static/chunks/_1anvha4._.js → 200 (41ms, 756B)
[2026-08-12T05:28:04.703Z] GET http://localhost:3000/_next/static/chunks/turbopack-_01_ro95._.js → 200 (50ms, 22430B)
[2026-08-12T05:28:04.703Z] GET http://localhost:3000/_next/static/chunks/node_modules_next_dist_1e9_p6y._.js → 200 (55ms, 36698B)
[2026-08-12T05:28:04.703Z] GET http://localhost:3000/_next/static/chunks/src_app_layout_tsx_007e4b2._.js → 200 (49ms, 301B)
[2026-08-12T05:28:04.704Z] GET http://localhost:3000/_next/static/chunks/node_modules_001lk16._.js → 200 (112ms, 60295B)
[2026-08-12T05:28:04.704Z] GET http://localhost:3000/_next/static/chunks/src_0mwul-7._.js → 200 (59ms, 12189B)
[2026-08-12T05:28:04.704Z] GET http://localhost:3000/_next/static/chunks/src_app_page_tsx_097lp6p._.js → 200 (55ms, 286B)
[2026-08-12T05:28:04.704Z] GET http://localhost:3000/_next/static/chunks/node_modules_next_dist_client_components_builtin_global-error_097lp6p.js → 200 (59ms, 212B)
[2026-08-12T05:28:04.704Z] GET http://localhost:3000/_next/static/chunks/node_modules_next_dist_0dfntjm._.js → 200 (111ms, 27830B)
[2026-08-12T05:28:04.704Z] GET http://localhost:3000/_next/static/chunks/src_app_loading_tsx_097lp6p._.js → 200 (61ms, 263B)
[2026-08-12T05:28:04.704Z] GET http://localhost:3000/brand/rotary-hero-poster.jpg → 200 (9ms, 16254B)
[2026-08-12T05:28:04.725Z] GET http://localhost:3000/brand/rotary-hero.mp4 → 206 (90ms, ?B)
[2026-08-12T05:28:04.725Z] GET http://localhost:3000/brand/rotary-hero.mp4 → 206 (89ms, 3550639B)
[2026-08-12T05:28:04.813Z] GET http://localhost:3000/_next/static/chunks/%5Bturbopack%5D_browser_dev_hmr-client_hmr-client_ts_1mojsay._.js → 200 (9ms, 3893B)
[2026-08-12T05:28:04.814Z] GET http://localhost:3000/_next/static/chunks/%5Bturbopack%5D_browser_dev_hmr-client_hmr-client_ts_1xch-cm._.js → 200 (8ms, 289B)
[2026-08-12T05:30:24.110Z] GET http://localhost:3000/_next/static/chunks/src_app_16g7nni._.css → 200 (132ms, 12766B)
[2026-08-12T05:30:36.306Z] GET http://localhost:3000/ → 200 (83ms, 20889B)
[2026-08-12T05:30:36.395Z] GET http://localhost:3000/_next/static/media/fraunces_latin_wght_italic-s.p.0by3gh2t3oa9b.woff2 → 200 (5ms, -300B)
[2026-08-12T05:30:36.401Z] GET http://localhost:3000/_next/static/media/fraunces_latin_wght_normal-s.p.1v4l5w6-86t-v.woff2 → 200 (?ms, -300B)
[2026-08-12T05:30:36.401Z] GET http://localhost:3000/_next/static/media/inter_latin_wght_normal-s.p.0gsaq8ukbf34m.woff2 → 200 (?ms, -300B)
[2026-08-12T05:30:36.420Z] GET http://localhost:3000/_next/image?url=%2Fbrand%2Frbw-mark.jpg&w=48&q=75 → 304 (14ms, ?B)
[2026-08-12T05:30:36.420Z] GET http://localhost:3000/_next/static/chunks/src_app_16g7nni._.css → 304 (2ms, ?B)
[2026-08-12T05:30:36.420Z] GET http://localhost:3000/_next/static/chunks/%5Bturbopack%5D_browser_dev_hmr-client_hmr-client_ts_1xx01vv._.js → 200 (13ms, ?B)
[2026-08-12T05:30:36.420Z] GET http://localhost:3000/_next/static/chunks/node_modules_next_dist_compiled_next-devtools_index_090k2jm.js → 200 (26ms, ?B)
[2026-08-12T05:30:36.420Z] GET http://localhost:3000/_next/static/chunks/node_modules_next_dist_compiled_react-dom_096_9a-._.js → 200 (19ms, ?B)
[2026-08-12T05:30:36.420Z] GET http://localhost:3000/_next/static/chunks/node_modules_next_dist_compiled_react-server-dom-turbopack_164kp-6._.js → 200 (15ms, ?B)
[2026-08-12T05:30:36.420Z] GET http://localhost:3000/_next/static/chunks/node_modules_next_dist_compiled_1amofcm._.js → 200 (20ms, ?B)
[2026-08-12T05:30:36.421Z] GET http://localhost:3000/_next/static/chunks/node_modules_next_dist_client_0r5nbpw._.js → 200 (25ms, ?B)
[2026-08-12T05:30:36.421Z] GET http://localhost:3000/_next/static/chunks/node_modules_next_dist_1ybzpk2._.js → 200 (21ms, ?B)
[2026-08-12T05:30:36.421Z] GET http://localhost:3000/_next/static/chunks/node_modules_%40swc_helpers_cjs_1r9vbqw._.js → 200 (20ms, ?B)
[2026-08-12T05:30:36.421Z] GET http://localhost:3000/_next/static/chunks/_1anvha4._.js → 200 (22ms, ?B)
[2026-08-12T05:30:36.421Z] GET http://localhost:3000/_next/static/chunks/turbopack-_01_ro95._.js → 200 (25ms, ?B)
[2026-08-12T05:30:36.421Z] GET http://localhost:3000/_next/static/chunks/node_modules_next_dist_1e9_p6y._.js → 200 (34ms, ?B)
[2026-08-12T05:30:36.421Z] GET http://localhost:3000/_next/static/chunks/src_app_layout_tsx_007e4b2._.js → 200 (34ms, ?B)
[2026-08-12T05:30:36.421Z] GET http://localhost:3000/_next/static/chunks/node_modules_001lk16._.js → 200 (35ms, ?B)
[2026-08-12T05:30:36.421Z] GET http://localhost:3000/_next/static/chunks/src_0mwul-7._.js → 200 (36ms, 12191B)
[2026-08-12T05:30:36.421Z] GET http://localhost:3000/_next/static/chunks/src_app_page_tsx_097lp6p._.js → 200 (34ms, ?B)
[2026-08-12T05:30:36.421Z] GET http://localhost:3000/_next/static/chunks/node_modules_next_dist_client_components_builtin_global-error_097lp6p.js → 200 (35ms, ?B)
[2026-08-12T05:30:36.421Z] GET http://localhost:3000/_next/static/chunks/node_modules_next_dist_0dfntjm._.js → 200 (36ms, ?B)
[2026-08-12T05:30:36.421Z] GET http://localhost:3000/_next/static/chunks/src_app_loading_tsx_097lp6p._.js → 200 (35ms, ?B)
[2026-08-12T05:30:36.421Z] GET http://localhost:3000/brand/rotary-hero-poster.jpg → 304 (10ms, ?B)
[2026-08-12T05:30:36.453Z] GET http://localhost:3000/_next/static/chunks/%5Bturbopack%5D_browser_dev_hmr-client_hmr-client_ts_1mojsay._.js → 200 (8ms, ?B)
[2026-08-12T05:30:36.455Z] GET http://localhost:3000/_next/static/chunks/%5Bturbopack%5D_browser_dev_hmr-client_hmr-client_ts_1xch-cm._.js → 200 (6ms, ?B)
[2026-08-12T05:33:08.875Z] GET http://localhost:3000/__nextjs_font/geist-latin.woff2 → 200 (2ms, 28369B)
[2026-08-12T05:50:23.898Z] GET http://localhost:3000/?_rsc=S6a9uUP7K7vJlGgZ → pending (?ms, ?B)
[2026-08-12T05:50:23.980Z] GET http://localhost:3000/?_rsc=S6a9uUP7K7vJlGgZ → pending (?ms, ?B)
[2026-08-12T05:50:23.981Z] GET http://localhost:3000/?_rsc=S6a9uUP7K7vJlGgZ → pending (?ms, ?B)
[2026-08-12T05:50:23.981Z] GET http://localhost:3000/?_rsc=S6a9uUP7K7vJlGgZ → pending (?ms, ?B)
[2026-08-12T05:50:23.981Z] GET http://localhost:3000/?_rsc=S6a9uUP7K7vJlGgZ → pending (?ms, ?B)
[2026-08-12T05:50:23.988Z] GET http://localhost:3000/?_rsc=S6a9uUP7K7vJlGgZ → pending (?ms, ?B)
[2026-08-12T05:50:23.988Z] GET http://localhost:3000/?_rsc=S6a9uUP7K7vJlGgZ → pending (?ms, ?B)
[2026-08-12T05:50:23.988Z] GET http://localhost:3000/?_rsc=S6a9uUP7K7vJlGgZ → pending (?ms, ?B)
[2026-08-12T05:50:23.988Z] GET http://localhost:3000/?_rsc=S6a9uUP7K7vJlGgZ → pending (?ms, ?B)
[2026-08-12T05:50:23.988Z] GET http://localhost:3000/?_rsc=S6a9uUP7K7vJlGgZ → pending (?ms, ?B)
[2026-08-12T05:50:23.988Z] GET http://localhost:3000/?_rsc=S6a9uUP7K7vJlGgZ → pending (?ms, ?B)
[2026-08-12T05:50:23.989Z] GET http://localhost:3000/?_rsc=S6a9uUP7K7vJlGgZ → pending (?ms, ?B)
[2026-08-12T05:50:23.989Z] GET http://localhost:3000/?_rsc=S6a9uUP7K7vJlGgZ → 200 (263ms, ?B)
[2026-08-12T05:50:24.287Z] GET http://localhost:3000/ → pending (?ms, ?B)
[2026-08-12T05:50:24.291Z] GET http://localhost:3000/ → pending (?ms, ?B)
[2026-08-12T05:50:24.465Z] GET http://localhost:3000/ → pending (?ms, ?B)
[2026-08-12T05:50:25.008Z] GET http://localhost:3000/?_rsc=S6a9uUP7K7vJlGgZ → 200 (364ms, ?B)
[2026-08-12T05:50:25.460Z] GET http://localhost:3000/_next/static/media/fraunces_latin_wght_italic-s.p.0by3gh2t3oa9b.woff2 → 200 (?ms, -300B)
[2026-08-12T05:50:25.466Z] GET http://localhost:3000/_next/static/media/fraunces_latin_wght_normal-s.p.1v4l5w6-86t-v.woff2 → 200 (?ms, -300B)
[2026-08-12T05:50:25.466Z] GET http://localhost:3000/_next/static/media/inter_latin_wght_normal-s.p.0gsaq8ukbf34m.woff2 → 200 (2ms, -300B)
[2026-08-12T05:50:25.512Z] GET http://localhost:3000/_next/image?url=%2Fbrand%2Frbw-mark.jpg&w=48&q=75 → 304 (33ms, ?B)
[2026-08-12T05:50:25.512Z] GET http://localhost:3000/_next/static/chunks/src_app_16g7nni._.css → 304 (77ms, ?B)
[2026-08-12T05:50:25.512Z] GET http://localhost:3000/_next/static/chunks/%5Bturbopack%5D_browser_dev_hmr-client_hmr-client_ts_1xx01vv._.js → 200 (104ms, ?B)
[2026-08-12T05:50:25.512Z] GET http://localhost:3000/_next/static/chunks/node_modules_next_dist_compiled_next-devtools_index_090k2jm.js → 200 (128ms, ?B)
[2026-08-12T05:50:25.512Z] GET http://localhost:3000/_next/static/chunks/node_modules_next_dist_compiled_react-dom_096_9a-._.js → 200 (48ms, ?B)
[2026-08-12T05:50:25.512Z] GET http://localhost:3000/_next/static/chunks/node_modules_next_dist_compiled_react-server-dom-turbopack_164kp-6._.js → 200 (85ms, ?B)
[2026-08-12T05:50:25.512Z] GET http://localhost:3000/_next/static/chunks/node_modules_next_dist_compiled_1amofcm._.js → 200 (105ms, ?B)
[2026-08-12T05:50:25.512Z] GET http://localhost:3000/_next/static/chunks/node_modules_next_dist_client_0r5nbpw._.js → 200 (127ms, ?B)
[2026-08-12T05:50:25.512Z] GET http://localhost:3000/_next/static/chunks/node_modules_next_dist_1ybzpk2._.js → 200 (137ms, ?B)
[2026-08-12T05:50:25.512Z] GET http://localhost:3000/_next/static/chunks/node_modules_%40swc_helpers_cjs_1r9vbqw._.js → 200 (168ms, ?B)
[2026-08-12T05:50:25.512Z] GET http://localhost:3000/_next/static/chunks/_1anvha4._.js → 200 (137ms, ?B)
[2026-08-12T05:50:25.512Z] GET http://localhost:3000/_next/static/chunks/turbopack-_01_ro95._.js → 200 (169ms, ?B)
[2026-08-12T05:50:25.512Z] GET http://localhost:3000/_next/static/chunks/node_modules_next_dist_1e9_p6y._.js → 200 (189ms, ?B)
[2026-08-12T05:50:25.512Z] GET http://localhost:3000/_next/static/chunks/src_app_layout_tsx_007e4b2._.js → 200 (189ms, ?B)
[2026-08-12T05:50:25.512Z] GET http://localhost:3000/_next/static/chunks/node_modules_001lk16._.js → pending (?ms, ?B)
[2026-08-12T05:50:25.512Z] GET http://localhost:3000/_next/static/chunks/src_0mwul-7._.js → 200 (218ms, ?B)
[2026-08-12T05:50:25.512Z] GET http://localhost:3000/_next/static/chunks/src_app_page_tsx_097lp6p._.js → 200 (218ms, ?B)
[2026-08-12T05:50:25.512Z] GET http://localhost:3000/_next/static/chunks/node_modules_next_dist_client_components_builtin_global-error_097lp6p.js → 200 (218ms, ?B)
[2026-08-12T05:50:25.512Z] GET http://localhost:3000/_next/static/chunks/node_modules_next_dist_0dfntjm._.js → pending (?ms, ?B)
[2026-08-12T05:50:25.512Z] GET http://localhost:3000/_next/static/chunks/src_app_loading_tsx_097lp6p._.js → 200 (247ms, ?B)
[2026-08-12T05:50:25.512Z] GET http://localhost:3000/brand/rotary-hero-poster.jpg → 304 (82ms, ?B)
[2026-08-12T05:50:25.700Z] GET http://localhost:3000/_next/static/chunks/%5Bturbopack%5D_browser_dev_hmr-client_hmr-client_ts_1mojsay._.js → 200 (100ms, ?B)
[2026-08-12T05:50:25.701Z] GET http://localhost:3000/_next/static/chunks/%5Bturbopack%5D_browser_dev_hmr-client_hmr-client_ts_1xch-cm._.js → 200 (116ms, ?B)
[2026-08-12T05:50:25.706Z] GET http://localhost:3000/__nextjs_font/geist-latin.woff2 → 200 (?ms, -209B)
[2026-08-12T05:50:38.809Z] GET http://localhost:3000/?_rsc=S6a9uUP7K7vJlGgZ → pending (?ms, ?B)
[2026-08-12T05:50:38.861Z] GET http://localhost:3000/?_rsc=S6a9uUP7K7vJlGgZ → pending (?ms, ?B)
[2026-08-12T05:50:38.861Z] GET http://localhost:3000/?_rsc=S6a9uUP7K7vJlGgZ → pending (?ms, ?B)
[2026-08-12T05:50:38.861Z] GET http://localhost:3000/?_rsc=S6a9uUP7K7vJlGgZ → pending (?ms, ?B)
[2026-08-12T05:50:38.861Z] GET http://localhost:3000/?_rsc=S6a9uUP7K7vJlGgZ → pending (?ms, ?B)
[2026-08-12T05:50:38.861Z] GET http://localhost:3000/?_rsc=S6a9uUP7K7vJlGgZ → pending (?ms, ?B)
[2026-08-12T05:50:38.862Z] GET http://localhost:3000/?_rsc=S6a9uUP7K7vJlGgZ → pending (?ms, ?B)
[2026-08-12T05:50:38.870Z] GET http://localhost:3000/?_rsc=S6a9uUP7K7vJlGgZ → pending (?ms, ?B)
[2026-08-12T05:50:38.874Z] GET http://localhost:3000/?_rsc=S6a9uUP7K7vJlGgZ → pending (?ms, ?B)
[2026-08-12T05:50:38.874Z] GET http://localhost:3000/?_rsc=S6a9uUP7K7vJlGgZ → pending (?ms, ?B)
[2026-08-12T05:50:38.874Z] GET http://localhost:3000/?_rsc=S6a9uUP7K7vJlGgZ → pending (?ms, ?B)
[2026-08-12T05:50:38.877Z] GET http://localhost:3000/?_rsc=S6a9uUP7K7vJlGgZ → pending (?ms, ?B)
[2026-08-12T05:50:38.878Z] GET http://localhost:3000/?_rsc=S6a9uUP7K7vJlGgZ → 200 (366ms, ?B)
[2026-08-12T05:50:38.926Z] GET http://localhost:3000/ → pending (?ms, ?B)
[2026-08-12T05:50:38.927Z] GET http://localhost:3000/ → 200 (459ms, 20891B)
[2026-08-12T05:50:39.390Z] GET http://localhost:3000/_next/static/media/fraunces_latin_wght_italic-s.p.0by3gh2t3oa9b.woff2 → 200 (1ms, -300B)
[2026-08-12T05:50:39.391Z] GET http://localhost:3000/_next/static/media/fraunces_latin_wght_normal-s.p.1v4l5w6-86t-v.woff2 → 200 (?ms, -300B)
[2026-08-12T05:50:39.391Z] GET http://localhost:3000/_next/static/media/inter_latin_wght_normal-s.p.0gsaq8ukbf34m.woff2 → 200 (?ms, -300B)
[2026-08-12T05:50:39.457Z] GET http://localhost:3000/_next/image?url=%2Fbrand%2Frbw-mark.jpg&w=48&q=75 → 304 (55ms, ?B)
[2026-08-12T05:50:39.457Z] GET http://localhost:3000/_next/static/chunks/src_app_16g7nni._.css → 304 (27ms, ?B)
[2026-08-12T05:50:39.457Z] GET http://localhost:3000/_next/static/chunks/%5Bturbopack%5D_browser_dev_hmr-client_hmr-client_ts_1xx01vv._.js → 304 (63ms, ?B)
[2026-08-12T05:50:39.457Z] GET http://localhost:3000/_next/static/chunks/node_modules_next_dist_compiled_next-devtools_index_090k2jm.js → 304 (66ms, ?B)
[2026-08-12T05:50:39.457Z] GET http://localhost:3000/_next/static/chunks/node_modules_next_dist_compiled_react-dom_096_9a-._.js → 304 (64ms, ?B)
[2026-08-12T05:50:39.457Z] GET http://localhost:3000/_next/static/chunks/node_modules_next_dist_compiled_react-server-dom-turbopack_164kp-6._.js → 304 (66ms, ?B)
[2026-08-12T05:50:39.457Z] GET http://localhost:3000/_next/static/chunks/node_modules_next_dist_compiled_1amofcm._.js → 304 (66ms, ?B)
[2026-08-12T05:50:39.457Z] GET http://localhost:3000/_next/static/chunks/node_modules_next_dist_client_0r5nbpw._.js → 304 (71ms, ?B)
[2026-08-12T05:50:39.457Z] GET http://localhost:3000/_next/static/chunks/node_modules_next_dist_1ybzpk2._.js → 304 (72ms, ?B)
[2026-08-12T05:50:39.457Z] GET http://localhost:3000/_next/static/chunks/node_modules_%40swc_helpers_cjs_1r9vbqw._.js → 304 (72ms, ?B)
[2026-08-12T05:50:39.457Z] GET http://localhost:3000/_next/static/chunks/_1anvha4._.js → 304 (73ms, ?B)
[2026-08-12T05:50:39.457Z] GET http://localhost:3000/_next/static/chunks/turbopack-_01_ro95._.js → 304 (73ms, ?B)
[2026-08-12T05:50:39.457Z] GET http://localhost:3000/_next/static/chunks/node_modules_next_dist_1e9_p6y._.js → 304 (93ms, ?B)
[2026-08-12T05:50:39.457Z] GET http://localhost:3000/_next/static/chunks/src_app_layout_tsx_007e4b2._.js → 304 (93ms, ?B)
[2026-08-12T05:50:39.457Z] GET http://localhost:3000/_next/static/chunks/node_modules_001lk16._.js → 200 (140ms, 60401B)
[2026-08-12T05:50:39.457Z] GET http://localhost:3000/_next/static/chunks/src_0mwul-7._.js → 304 (97ms, ?B)
[2026-08-12T05:50:39.457Z] GET http://localhost:3000/_next/static/chunks/src_app_page_tsx_097lp6p._.js → 304 (97ms, ?B)
[2026-08-12T05:50:39.457Z] GET http://localhost:3000/_next/static/chunks/node_modules_next_dist_client_components_builtin_global-error_097lp6p.js → 304 (116ms, ?B)
[2026-08-12T05:50:39.457Z] GET http://localhost:3000/_next/static/chunks/node_modules_next_dist_0dfntjm._.js → 200 (151ms, 27858B)
[2026-08-12T05:50:39.457Z] GET http://localhost:3000/_next/static/chunks/src_app_loading_tsx_097lp6p._.js → 304 (139ms, ?B)
[2026-08-12T05:50:39.457Z] GET http://localhost:3000/brand/rotary-hero-poster.jpg → 304 (55ms, ?B)
[2026-08-12T05:50:39.538Z] GET http://localhost:3000/_next/static/chunks/%5Bturbopack%5D_browser_dev_hmr-client_hmr-client_ts_1mojsay._.js → 304 (66ms, ?B)
[2026-08-12T05:50:39.538Z] GET http://localhost:3000/_next/static/chunks/%5Bturbopack%5D_browser_dev_hmr-client_hmr-client_ts_1xch-cm._.js → 304 (72ms, ?B)
[2026-08-12T05:50:39.554Z] GET http://localhost:3000/__nextjs_font/geist-latin.woff2 → 200 (?ms, -209B)
[2026-08-12T05:51:15.678Z] GET http://localhost:3000/?_rsc=S6a9uUP7K7vJlGgZ → pending (?ms, ?B)
[2026-08-12T05:51:15.752Z] GET http://localhost:3000/?_rsc=S6a9uUP7K7vJlGgZ → pending (?ms, ?B)
[2026-08-12T05:51:15.752Z] GET http://localhost:3000/?_rsc=S6a9uUP7K7vJlGgZ → pending (?ms, ?B)
[2026-08-12T05:51:15.752Z] GET http://localhost:3000/?_rsc=S6a9uUP7K7vJlGgZ → pending (?ms, ?B)
[2026-08-12T05:51:15.752Z] GET http://localhost:3000/?_rsc=S6a9uUP7K7vJlGgZ → pending (?ms, ?B)
[2026-08-12T05:51:15.752Z] GET http://localhost:3000/?_rsc=S6a9uUP7K7vJlGgZ → pending (?ms, ?B)
[2026-08-12T05:51:15.753Z] GET http://localhost:3000/?_rsc=S6a9uUP7K7vJlGgZ → pending (?ms, ?B)
[2026-08-12T05:51:15.753Z] GET http://localhost:3000/?_rsc=S6a9uUP7K7vJlGgZ → pending (?ms, ?B)
[2026-08-12T05:51:15.753Z] GET http://localhost:3000/?_rsc=S6a9uUP7K7vJlGgZ → pending (?ms, ?B)
[2026-08-12T05:51:15.753Z] GET http://localhost:3000/?_rsc=S6a9uUP7K7vJlGgZ → pending (?ms, ?B)
[2026-08-12T05:51:15.753Z] GET http://localhost:3000/?_rsc=S6a9uUP7K7vJlGgZ → pending (?ms, ?B)
[2026-08-12T05:51:15.753Z] GET http://localhost:3000/?_rsc=S6a9uUP7K7vJlGgZ → pending (?ms, ?B)
[2026-08-12T05:51:15.753Z] GET http://localhost:3000/?_rsc=S6a9uUP7K7vJlGgZ → pending (?ms, ?B)
[2026-08-12T05:51:16.018Z] GET http://localhost:3000/ → pending (?ms, ?B)
[2026-08-12T05:51:16.020Z] GET http://localhost:3000/ → 200 (522ms, ?B)
[2026-08-12T05:51:16.550Z] GET http://localhost:3000/_next/static/media/fraunces_latin_wght_italic-s.p.0by3gh2t3oa9b.woff2 → 200 (?ms, -300B)
[2026-08-12T05:51:16.552Z] GET http://localhost:3000/_next/static/media/fraunces_latin_wght_normal-s.p.1v4l5w6-86t-v.woff2 → 200 (?ms, -300B)
[2026-08-12T05:51:16.552Z] GET http://localhost:3000/_next/static/media/inter_latin_wght_normal-s.p.0gsaq8ukbf34m.woff2 → 200 (?ms, -300B)
[2026-08-12T05:51:16.581Z] GET http://localhost:3000/_next/image?url=%2Fbrand%2Frbw-mark.jpg&w=48&q=75 → 304 (134ms, ?B)
[2026-08-12T05:51:16.581Z] GET http://localhost:3000/_next/static/chunks/src_app_16g7nni._.css → 304 (127ms, ?B)
[2026-08-12T05:51:16.581Z] GET http://localhost:3000/_next/static/chunks/%5Bturbopack%5D_browser_dev_hmr-client_hmr-client_ts_1xx01vv._.js → 200 (137ms, ?B)
[2026-08-12T05:51:16.581Z] GET http://localhost:3000/_next/static/chunks/node_modules_next_dist_compiled_next-devtools_index_090k2jm.js → 200 (152ms, ?B)
[2026-08-12T05:51:16.581Z] GET http://localhost:3000/_next/static/chunks/node_modules_next_dist_compiled_react-dom_096_9a-._.js → 200 (150ms, ?B)
[2026-08-12T05:51:16.581Z] GET http://localhost:3000/_next/static/chunks/node_modules_next_dist_compiled_react-server-dom-turbopack_164kp-6._.js → 200 (145ms, ?B)
[2026-08-12T05:51:16.581Z] GET http://localhost:3000/_next/static/chunks/node_modules_next_dist_compiled_1amofcm._.js → 200 (149ms, ?B)
[2026-08-12T05:51:16.581Z] GET http://localhost:3000/_next/static/chunks/node_modules_next_dist_client_0r5nbpw._.js → 200 (178ms, ?B)
[2026-08-12T05:51:16.581Z] GET http://localhost:3000/_next/static/chunks/node_modules_next_dist_1ybzpk2._.js → 200 (174ms, ?B)
[2026-08-12T05:51:16.581Z] GET http://localhost:3000/_next/static/chunks/node_modules_%40swc_helpers_cjs_1r9vbqw._.js → 200 (190ms, ?B)
[2026-08-12T05:51:16.581Z] GET http://localhost:3000/_next/static/chunks/_1anvha4._.js → 200 (185ms, ?B)
[2026-08-12T05:51:16.581Z] GET http://localhost:3000/_next/static/chunks/turbopack-_01_ro95._.js → 200 (191ms, ?B)
[2026-08-12T05:51:16.581Z] GET http://localhost:3000/_next/static/chunks/node_modules_next_dist_1e9_p6y._.js → 200 (199ms, ?B)
[2026-08-12T05:51:16.581Z] GET http://localhost:3000/_next/static/chunks/src_app_layout_tsx_007e4b2._.js → 200 (199ms, ?B)
[2026-08-12T05:51:16.581Z] GET http://localhost:3000/_next/static/chunks/node_modules_001lk16._.js → pending (?ms, ?B)
[2026-08-12T05:51:16.581Z] GET http://localhost:3000/_next/static/chunks/src_0mwul-7._.js → 200 (214ms, ?B)
[2026-08-12T05:51:16.581Z] GET http://localhost:3000/_next/static/chunks/src_app_page_tsx_097lp6p._.js → 200 (213ms, ?B)
[2026-08-12T05:51:16.581Z] GET http://localhost:3000/_next/static/chunks/node_modules_next_dist_client_components_builtin_global-error_097lp6p.js → 200 (217ms, ?B)
[2026-08-12T05:51:16.581Z] GET http://localhost:3000/_next/static/chunks/node_modules_next_dist_0dfntjm._.js → 200 (287ms, 27863B)
[2026-08-12T05:51:16.581Z] GET http://localhost:3000/_next/static/chunks/src_app_loading_tsx_097lp6p._.js → 200 (225ms, ?B)
[2026-08-12T05:51:16.581Z] GET http://localhost:3000/brand/rotary-hero-poster.jpg → 304 (131ms, ?B)
[2026-08-12T05:51:16.780Z] GET http://localhost:3000/_next/static/chunks/%5Bturbopack%5D_browser_dev_hmr-client_hmr-client_ts_1mojsay._.js → 200 (43ms, ?B)
[2026-08-12T05:51:16.780Z] GET http://localhost:3000/_next/static/chunks/%5Bturbopack%5D_browser_dev_hmr-client_hmr-client_ts_1xch-cm._.js → 200 (63ms, ?B)
[2026-08-12T05:51:16.786Z] GET http://localhost:3000/__nextjs_font/geist-latin.woff2 → 200 (?ms, -209B)
[2026-08-12T05:51:30.284Z] GET http://localhost:3000/?_rsc=S6a9uUP7K7vJlGgZ → pending (?ms, ?B)
[2026-08-12T05:51:30.357Z] GET http://localhost:3000/?_rsc=S6a9uUP7K7vJlGgZ → pending (?ms, ?B)
[2026-08-12T05:51:30.358Z] GET http://localhost:3000/?_rsc=S6a9uUP7K7vJlGgZ → pending (?ms, ?B)
[2026-08-12T05:51:30.358Z] GET http://localhost:3000/?_rsc=S6a9uUP7K7vJlGgZ → pending (?ms, ?B)
[2026-08-12T05:51:30.359Z] GET http://localhost:3000/?_rsc=S6a9uUP7K7vJlGgZ → pending (?ms, ?B)
[2026-08-12T05:51:30.359Z] GET http://localhost:3000/?_rsc=S6a9uUP7K7vJlGgZ → pending (?ms, ?B)
[2026-08-12T05:51:30.359Z] GET http://localhost:3000/?_rsc=S6a9uUP7K7vJlGgZ → pending (?ms, ?B)
[2026-08-12T05:51:30.360Z] GET http://localhost:3000/?_rsc=S6a9uUP7K7vJlGgZ → pending (?ms, ?B)
[2026-08-12T05:51:30.361Z] GET http://localhost:3000/?_rsc=S6a9uUP7K7vJlGgZ → pending (?ms, ?B)
[2026-08-12T05:51:30.361Z] GET http://localhost:3000/?_rsc=S6a9uUP7K7vJlGgZ → pending (?ms, ?B)
[2026-08-12T05:51:30.361Z] GET http://localhost:3000/?_rsc=S6a9uUP7K7vJlGgZ → pending (?ms, ?B)
[2026-08-12T05:51:30.362Z] GET http://localhost:3000/?_rsc=S6a9uUP7K7vJlGgZ → 200 (441ms, ?B)
[2026-08-12T05:51:30.371Z] GET http://localhost:3000/?_rsc=S6a9uUP7K7vJlGgZ → 200 (318ms, ?B)
[2026-08-12T05:51:30.706Z] GET http://localhost:3000/ → pending (?ms, ?B)
[2026-08-12T05:51:30.706Z] GET http://localhost:3000/ → pending (?ms, ?B)
[2026-08-12T05:51:30.732Z] GET http://localhost:3000/ → 200 (201ms, ?B)
[2026-08-12T05:51:30.938Z] GET http://localhost:3000/_next/static/media/fraunces_latin_wght_italic-s.p.0by3gh2t3oa9b.woff2 → 200 (?ms, -300B)
[2026-08-12T05:51:30.938Z] GET http://localhost:3000/_next/static/media/fraunces_latin_wght_normal-s.p.1v4l5w6-86t-v.woff2 → 200 (?ms, -300B)
[2026-08-12T05:51:30.938Z] GET http://localhost:3000/_next/static/media/inter_latin_wght_normal-s.p.0gsaq8ukbf34m.woff2 → 200 (?ms, -300B)
[2026-08-12T05:51:30.978Z] GET http://localhost:3000/_next/image?url=%2Fbrand%2Frbw-mark.jpg&w=48&q=75 → 304 (83ms, ?B)
[2026-08-12T05:51:30.978Z] GET http://localhost:3000/_next/static/chunks/src_app_16g7nni._.css → 304 (75ms, ?B)
[2026-08-12T05:51:30.978Z] GET http://localhost:3000/_next/static/chunks/%5Bturbopack%5D_browser_dev_hmr-client_hmr-client_ts_1xx01vv._.js → 304 (88ms, ?B)
[2026-08-12T05:51:30.978Z] GET http://localhost:3000/_next/static/chunks/node_modules_next_dist_compiled_next-devtools_index_090k2jm.js → 304 (95ms, ?B)
[2026-08-12T05:51:30.978Z] GET http://localhost:3000/_next/static/chunks/node_modules_next_dist_compiled_react-dom_096_9a-._.js → 304 (89ms, ?B)
[2026-08-12T05:51:30.978Z] GET http://localhost:3000/_next/static/chunks/node_modules_next_dist_compiled_react-server-dom-turbopack_164kp-6._.js → 304 (95ms, ?B)
[2026-08-12T05:51:30.978Z] GET http://localhost:3000/_next/static/chunks/node_modules_next_dist_compiled_1amofcm._.js → 304 (97ms, ?B)
[2026-08-12T05:51:30.978Z] GET http://localhost:3000/_next/static/chunks/node_modules_next_dist_client_0r5nbpw._.js → 304 (111ms, ?B)
[2026-08-12T05:51:30.978Z] GET http://localhost:3000/_next/static/chunks/node_modules_next_dist_1ybzpk2._.js → 304 (113ms, ?B)
[2026-08-12T05:51:30.978Z] GET http://localhost:3000/_next/static/chunks/node_modules_%40swc_helpers_cjs_1r9vbqw._.js → 304 (116ms, ?B)
[2026-08-12T05:51:30.979Z] GET http://localhost:3000/_next/static/chunks/_1anvha4._.js → 304 (116ms, ?B)
[2026-08-12T05:51:30.979Z] GET http://localhost:3000/_next/static/chunks/turbopack-_01_ro95._.js → 304 (130ms, ?B)
[2026-08-12T05:51:30.979Z] GET http://localhost:3000/_next/static/chunks/node_modules_next_dist_1e9_p6y._.js → 304 (138ms, ?B)
[2026-08-12T05:51:30.979Z] GET http://localhost:3000/_next/static/chunks/src_app_layout_tsx_007e4b2._.js → 304 (138ms, ?B)
[2026-08-12T05:51:30.979Z] GET http://localhost:3000/_next/static/chunks/node_modules_001lk16._.js → 200 (245ms, 60409B)
[2026-08-12T05:51:30.979Z] GET http://localhost:3000/_next/static/chunks/src_0mwul-7._.js → 304 (142ms, ?B)
[2026-08-12T05:51:30.979Z] GET http://localhost:3000/_next/static/chunks/src_app_page_tsx_097lp6p._.js → 304 (151ms, ?B)
[2026-08-12T05:51:30.979Z] GET http://localhost:3000/_next/static/chunks/node_modules_next_dist_client_components_builtin_global-error_097lp6p.js → 304 (179ms, ?B)
[2026-08-12T05:51:30.979Z] GET http://localhost:3000/_next/static/chunks/node_modules_next_dist_0dfntjm._.js → 200 (277ms, 27863B)
[2026-08-12T05:51:30.979Z] GET http://localhost:3000/_next/static/chunks/src_app_loading_tsx_097lp6p._.js → 304 (244ms, ?B)
[2026-08-12T05:51:30.979Z] GET http://localhost:3000/brand/rotary-hero-poster.jpg → 304 (78ms, ?B)
[2026-08-12T05:51:31.116Z] GET http://localhost:3000/_next/static/chunks/%5Bturbopack%5D_browser_dev_hmr-client_hmr-client_ts_1mojsay._.js → 200 (140ms, ?B)
[2026-08-12T05:51:31.117Z] GET http://localhost:3000/_next/static/chunks/%5Bturbopack%5D_browser_dev_hmr-client_hmr-client_ts_1xch-cm._.js → 200 (153ms, ?B)
[2026-08-12T05:51:31.121Z] GET http://localhost:3000/__nextjs_font/geist-latin.woff2 → 200 (?ms, -209B)
[2026-08-12T05:57:10.043Z] GET http://localhost:3000/?_rsc=S6a9uUP7K7vJlGgZ → 200 (94ms, ?B)
[2026-08-12T05:57:10.156Z] GET http://localhost:3000/?_rsc=S6a9uUP7K7vJlGgZ → pending (?ms, ?B)
[2026-08-12T05:57:10.161Z] GET http://localhost:3000/?_rsc=S6a9uUP7K7vJlGgZ → pending (?ms, ?B)
[2026-08-12T05:57:10.167Z] GET http://localhost:3000/?_rsc=S6a9uUP7K7vJlGgZ → pending (?ms, ?B)
[2026-08-12T05:57:10.173Z] GET http://localhost:3000/?_rsc=S6a9uUP7K7vJlGgZ → pending (?ms, ?B)
[2026-08-12T05:57:10.180Z] GET http://localhost:3000/?_rsc=S6a9uUP7K7vJlGgZ → pending (?ms, ?B)
[2026-08-12T05:57:16.583Z] GET http://localhost:3000/?_rsc=S6a9uUP7K7vJlGgZ → 200 (67ms, 12816B)
[2026-08-12T05:57:20.051Z] GET http://localhost:3000/?_rsc=S6a9uUP7K7vJlGgZ → 200 (48ms, ?B)
[2026-08-12T05:57:33.919Z] GET http://localhost:3000/?_rsc=S6a9uUP7K7vJlGgZ → 200 (64ms, 12814B)
[2026-08-12T05:58:09.184Z] GET http://localhost:3000/?_rsc=S6a9uUP7K7vJlGgZ → pending (?ms, ?B)
[2026-08-12T05:58:09.200Z] GET http://localhost:3000/?_rsc=S6a9uUP7K7vJlGgZ → pending (?ms, ?B)
[2026-08-12T05:58:09.203Z] GET http://localhost:3000/?_rsc=S6a9uUP7K7vJlGgZ → pending (?ms, ?B)
[2026-08-12T05:58:16.686Z] GET http://localhost:3000/?_rsc=S6a9uUP7K7vJlGgZ → 200 (30ms, 12814B)
[2026-08-12T05:58:21.317Z] GET http://localhost:3000/?_rsc=S6a9uUP7K7vJlGgZ → 200 (27ms, 12815B)
[2026-08-12T05:59:16.264Z] GET http://localhost:3000/?_rsc=S6a9uUP7K7vJlGgZ → pending (?ms, ?B)
[2026-08-12T05:59:16.271Z] GET http://localhost:3000/?_rsc=S6a9uUP7K7vJlGgZ → pending (?ms, ?B)
[2026-08-12T05:59:16.284Z] GET http://localhost:3000/?_rsc=S6a9uUP7K7vJlGgZ → pending (?ms, ?B)
[2026-08-12T05:59:16.291Z] GET http://localhost:3000/?_rsc=S6a9uUP7K7vJlGgZ → pending (?ms, ?B)
[2026-08-12T05:59:16.300Z] GET http://localhost:3000/?_rsc=S6a9uUP7K7vJlGgZ → pending (?ms, ?B)
[2026-08-12T05:59:16.308Z] GET http://localhost:3000/?_rsc=S6a9uUP7K7vJlGgZ → pending (?ms, ?B)
[2026-08-12T05:59:16.315Z] GET http://localhost:3000/?_rsc=S6a9uUP7K7vJlGgZ → pending (?ms, ?B)
[2026-08-12T05:59:16.320Z] GET http://localhost:3000/?_rsc=S6a9uUP7K7vJlGgZ → pending (?ms, ?B)
[2026-08-12T05:59:16.327Z] GET http://localhost:3000/?_rsc=S6a9uUP7K7vJlGgZ → pending (?ms, ?B)
[2026-08-12T05:59:16.332Z] GET http://localhost:3000/?_rsc=S6a9uUP7K7vJlGgZ → pending (?ms, ?B)
[2026-08-12T05:59:16.339Z] GET http://localhost:3000/?_rsc=S6a9uUP7K7vJlGgZ → pending (?ms, ?B)
[2026-08-12T05:59:16.346Z] GET http://localhost:3000/?_rsc=S6a9uUP7K7vJlGgZ → pending (?ms, ?B)
[2026-08-12T05:59:16.353Z] GET http://localhost:3000/?_rsc=S6a9uUP7K7vJlGgZ → pending (?ms, ?B)
[2026-08-12T05:59:16.359Z] GET http://localhost:3000/?_rsc=S6a9uUP7K7vJlGgZ → pending (?ms, ?B)
[2026-08-12T05:59:16.366Z] GET http://localhost:3000/?_rsc=S6a9uUP7K7vJlGgZ → pending (?ms, ?B)
[2026-08-12T05:59:16.373Z] GET http://localhost:3000/?_rsc=S6a9uUP7K7vJlGgZ → 200 (962ms, ?B)
[2026-08-12T05:59:16.378Z] GET http://localhost:3000/?_rsc=S6a9uUP7K7vJlGgZ → 200 (898ms, ?B)
[2026-08-12T05:59:16.384Z] GET http://localhost:3000/?_rsc=S6a9uUP7K7vJlGgZ → 200 (829ms, ?B)
[2026-08-12T05:59:16.392Z] GET http://localhost:3000/?_rsc=S6a9uUP7K7vJlGgZ → 200 (758ms, ?B)
[2026-08-12T05:59:16.398Z] GET http://localhost:3000/?_rsc=S6a9uUP7K7vJlGgZ → 200 (702ms, ?B)
[2026-08-12T05:59:16.450Z] GET http://localhost:3000/_next/static/chunks/src_app_16g7nni._.css → 200 (402ms, 12831B)
[2026-08-12T05:59:16.450Z] GET http://localhost:3000/?_rsc=S6a9uUP7K7vJlGgZ → 200 (604ms, 12820B)
[2026-08-12T05:59:16.461Z] GET http://localhost:3000/?_rsc=S6a9uUP7K7vJlGgZ → 200 (536ms, 12820B)
[2026-08-12T05:59:16.489Z] GET http://localhost:3000/?_rsc=S6a9uUP7K7vJlGgZ → 200 (429ms, 12820B)
[2026-08-12T05:59:16.491Z] GET http://localhost:3000/?_rsc=S6a9uUP7K7vJlGgZ → 200 (358ms, 12820B)
[2026-08-12T05:59:16.496Z] GET http://localhost:3000/?_rsc=S6a9uUP7K7vJlGgZ → 200 (238ms, 12820B)
[2026-08-12T05:59:16.831Z] GET http://localhost:3000/_next/static/chunks/src_0nvqg6l._.js → pending (?ms, ?B)
[2026-08-12T05:59:16.831Z] GET http://localhost:3000/_next/static/chunks/node_modules_1xb-__p._.js → pending (?ms, ?B)
[2026-08-12T05:59:18.608Z] GET http://localhost:3000/_next/static/chunks/src_0nvqg6l._.js → 304 (22ms, ?B)
[2026-08-12T05:59:18.610Z] GET http://localhost:3000/_next/static/chunks/node_modules_1xb-__p._.js → 304 (24ms, ?B)
[2026-08-12T05:59:43.893Z] GET http://localhost:3000/_next/static/chunks/src_app_16g7nni._.css → 200 (19ms, 12840B)
[2026-08-12T06:00:14.193Z] GET http://localhost:3000/?_rsc=S6a9uUP7K7vJlGgZ → 200 (67ms, 12820B)
[2026-08-12T06:00:24.667Z] GET http://localhost:3000/?_rsc=S6a9uUP7K7vJlGgZ → 200 (32ms, 12820B)
